2026-02-26 18:11:38 - [LOGGER_INIT] Session active: 20260226_181138
2026-02-26 18:11:44 - [EMBEDDING_INIT] Loading SentenceTransformer model 'all-MiniLM-L6-v2'...
2026-02-26 18:12:02 - [EMBEDDING_LOAD_ERROR] [EMBEDDING_LOAD_ERROR] RuntimeError: Cannot send a request, as the client has been closed.
Traceback:
Traceback (most recent call last):
  File "D:\Works\GenericAgent\DesktopAgenticSystem\tools\embeddings\file_ingestion.py", line 59, in get_embedding_model
    _EMBEDDING_MODEL = SentenceTransformer('all-MiniLM-L6-v2')
  File "C:\Users\Bijumon\AppData\Local\Programs\Python\Python313\Lib\site-packages\sentence_transformers\SentenceTransformer.py", line 327, in __init__
    modules, self.module_kwargs = self._load_sbert_model(
                                  ~~~~~~~~~~~~~~~~~~~~~~^
        model_name_or_path,
        ^^^^^^^^^^^^^^^^^^^
    ...<7 lines>...
        config_kwargs=config_kwargs,
        ^^^^^^^^^^^^^^^^^^^^^^^^^^^^
    )
    ^
  File "C:\Users\Bijumon\AppData\Local\Programs\Python\Python313\Lib\site-packages\sentence_transformers\SentenceTransformer.py", line 2305, in _load_sbert_model
    module = module_class.load(
        model_name_or_path,
    ...<11 lines>...
        backend=self.backend,
    )
  File "C:\Users\Bijumon\AppData\Local\Programs\Python\Python313\Lib\site-packages\sentence_transformers\models\Transformer.py", line 366, in load
    return cls(model_name_or_path=model_name_or_path, **init_kwargs)
  File "C:\Users\Bijumon\AppData\Local\Programs\Python\Python313\Lib\site-packages\sentence_transformers\models\Transformer.py", line 88, in __init__
    config, is_peft_model = self._load_config(model_name_or_path, cache_dir, backend, config_args)
                            ~~~~~~~~~~~~~~~~~^^^^^^^^^^^^^^^^^^^^^^^^^^^^^^^^^^^^^^^^^^^^^^^^^^^^^
  File "C:\Users\Bijumon\AppData\Local\Programs\Python\Python313\Lib\site-packages\sentence_transformers\models\Transformer.py", line 139, in _load_config
    find_adapter_config_file(
    ~~~~~~~~~~~~~~~~~~~~~~~~^
        model_name_or_path,
        ^^^^^^^^^^^^^^^^^^^
    ...<3 lines>...
        local_files_only=config_args.get("local_files_only", False),
        ^^^^^^^^^^^^^^^^^^^^^^^^^^^^^^^^^^^^^^^^^^^^^^^^^^^^^^^^^^^^
    )
    ^
  File "C:\Users\Bijumon\AppData\Local\Programs\Python\Python313\Lib\site-packages\transformers\utils\peft_utils.py", line 83, in find_adapter_config_file
    adapter_cached_filename = cached_file(
        model_id,
    ...<11 lines>...
        _raise_exceptions_for_connection_errors=False,
    )
  File "C:\Users\Bijumon\AppData\Local\Programs\Python\Python313\Lib\site-packages\transformers\utils\hub.py", line 276, in cached_file
    file = cached_files(path_or_repo_id=path_or_repo_id, filenames=[filename], **kwargs)
  File "C:\Users\Bijumon\AppData\Local\Programs\Python\Python313\Lib\site-packages\transformers\utils\hub.py", line 507, in cached_files
    raise e
  File "C:\Users\Bijumon\AppData\Local\Programs\Python\Python313\Lib\site-packages\transformers\utils\hub.py", line 419, in cached_files
    hf_hub_download(
    ~~~~~~~~~~~~~~~^
        path_or_repo_id,
        ^^^^^^^^^^^^^^^^
    ...<9 lines>...
        local_files_only=local_files_only,
        ^^^^^^^^^^^^^^^^^^^^^^^^^^^^^^^^^^
    )
    ^
  File "C:\Users\Bijumon\AppData\Local\Programs\Python\Python313\Lib\site-packages\huggingface_hub\utils\_validators.py", line 89, in _inner_fn
    return fn(*args, **kwargs)
  File "C:\Users\Bijumon\AppData\Local\Programs\Python\Python313\Lib\site-packages\huggingface_hub\file_download.py", line 1032, in hf_hub_download
    return _hf_hub_download_to_cache_dir(
        # Destination
    ...<15 lines>...
        dry_run=dry_run,
    )
  File "C:\Users\Bijumon\AppData\Local\Programs\Python\Python313\Lib\site-packages\huggingface_hub\file_download.py", line 1165, in _hf_hub_download_to_cache_dir
    _get_metadata_or_catch_error(
    ~~~~~~~~~~~~~~~~~~~~~~~~~~~~^
        repo_id=repo_id,
        ^^^^^^^^^^^^^^^^
    ...<10 lines>...
        retry_on_errors=True,
        ^^^^^^^^^^^^^^^^^^^^^
    )
    ^
  File "C:\Users\Bijumon\AppData\Local\Programs\Python\Python313\Lib\site-packages\huggingface_hub\file_download.py", line 1699, in _get_metadata_or_catch_error
    metadata = get_hf_file_metadata(
        url=url,
    ...<4 lines>...
        retry_on_errors=retry_on_errors,
    )
  File "C:\Users\Bijumon\AppData\Local\Programs\Python\Python313\Lib\site-packages\huggingface_hub\utils\_validators.py", line 89, in _inner_fn
    return fn(*args, **kwargs)
  File "C:\Users\Bijumon\AppData\Local\Programs\Python\Python313\Lib\site-packages\huggingface_hub\file_download.py", line 1622, in get_hf_file_metadata
    response = _httpx_follow_relative_redirects(
        method="HEAD", url=url, headers=hf_headers, timeout=timeout, retry_on_errors=retry_on_errors
    )
  File "C:\Users\Bijumon\AppData\Local\Programs\Python\Python313\Lib\site-packages\huggingface_hub\file_download.py", line 302, in _httpx_follow_relative_redirects
    response = http_backoff(
        method=method,
    ...<3 lines>...
        **no_retry_kwargs,
    )
  File "C:\Users\Bijumon\AppData\Local\Programs\Python\Python313\Lib\site-packages\huggingface_hub\utils\_http.py", line 506, in http_backoff
    return next(
        _http_backoff_base(
    ...<9 lines>...
        )
    )
  File "C:\Users\Bijumon\AppData\Local\Programs\Python\Python313\Lib\site-packages\huggingface_hub\utils\_http.py", line 414, in _http_backoff_base
    response = client.request(method=method, url=url, **kwargs)
  File "C:\Users\Bijumon\AppData\Local\Programs\Python\Python313\Lib\site-packages\httpx\_client.py", line 825, in request
    return self.send(request, auth=auth, follow_redirects=follow_redirects)
           ~~~~~~~~~^^^^^^^^^^^^^^^^^^^^^^^^^^^^^^^^^^^^^^^^^^^^^^^^^^^^^^^
  File "C:\Users\Bijumon\AppData\Local\Programs\Python\Python313\Lib\site-packages\httpx\_client.py", line 901, in send
    raise RuntimeError("Cannot send a request, as the client has been closed.")
RuntimeError: Cannot send a request, as the client has been closed.

